============================= test session starts =============================
platform win32 -- Python 3.12.10, pytest-7.4.4, pluggy-1.6.0 -- C:\Users\chand\AppData\Local\Programs\Python\Python312\python.exe
cachedir: .pytest_cache
rootdir: C:\Users\chand\.gemini\chess
plugins: anyio-4.12.1, asyncio-0.23.3, cov-7.0.0, env-1.1.3, timeout-2.4.0
asyncio: mode=Mode.STRICT
collecting ... collected 0 items / 1 error

=================================== ERRORS ====================================
___________________ ERROR collecting tests/test_leveling.py ___________________
ImportError while importing test module 'C:\Users\chand\.gemini\chess\tests\test_leveling.py'.
Hint: make sure your test modules/packages have valid Python names.
Traceback:
..\..\AppData\Local\Programs\Python\Python312\Lib\importlib\__init__.py:90: in import_module
    return _bootstrap._gcd_import(name[level:], package, level)
tests\test_leveling.py:3: in <module>
    from app.services.leveling_service import LevelingService, XP_PER_LEVEL
app\services\__init__.py:3: in <module>
    from app.services.stockfish_service import StockfishService
app\services\stockfish_service.py:2: in <module>
    from stockfish import Stockfish
E   ModuleNotFoundError: No module named 'stockfish'
============================== warnings summary ===============================
app\config.py:6
  C:\Users\chand\.gemini\chess\app\config.py:6: PydanticDeprecatedSince20: Support for class-based `config` is deprecated, use ConfigDict instead. Deprecated in Pydantic V2.0 to be removed in V3.0. See Pydantic V2 Migration Guide at https://errors.pydantic.dev/2.12/migration/
    class Settings(BaseSettings):

-- Docs: https://docs.pytest.org/en/stable/how-to/capture-warnings.html
=========================== short test summary info ===========================
ERROR tests/test_leveling.py
!!!!!!!!!!!!!!!!!!! Interrupted: 1 error during collection !!!!!!!!!!!!!!!!!!!!
========================= 1 warning, 1 error in 0.20s =========================
